// Jest Snapshot v1, https://goo.gl/fbAQLP

exports[`TodoList renders properly 1`] = `
ShallowWrapper {
  Symbol(enzyme.__root__): [Circular],
  Symbol(enzyme.__unrendered__): <TodoList
    todos={
      Array [
        Object {
          "completed": true,
          "id": "24236ed7-e956-4cad-90e9-65469c554fc0",
          "text": "hey",
        },
        Object {
          "completed": true,
          "id": "3df29b26-8f55-4722-abbd-428a3b3d3306",
          "text": "ho",
        },
        Object {
          "completed": false,
          "id": "afe441fd-b058-4eef-be6c-867f9956eba3",
          "text": "let us go",
        },
      ]
    }
  />,
  Symbol(enzyme.__renderer__): Object {
    "batchedUpdates": [Function],
    "getNode": [Function],
    "render": [Function],
    "simulateError": [Function],
    "simulateEvent": [Function],
    "unmount": [Function],
  },
  Symbol(enzyme.__node__): Object {
    "instance": null,
    "key": undefined,
    "nodeType": "host",
    "props": Object {
      "children": Array [
        <Todo
          completed={true}
          id="24236ed7-e956-4cad-90e9-65469c554fc0"
          text="hey"
        />,
        <Todo
          completed={true}
          id="3df29b26-8f55-4722-abbd-428a3b3d3306"
          text="ho"
        />,
        <Todo
          completed={false}
          id="afe441fd-b058-4eef-be6c-867f9956eba3"
          text="let us go"
        />,
      ],
    },
    "ref": null,
    "rendered": Array [
      Object {
        "instance": null,
        "key": "24236ed7-e956-4cad-90e9-65469c554fc0",
        "nodeType": "function",
        "props": Object {
          "completed": true,
          "id": "24236ed7-e956-4cad-90e9-65469c554fc0",
          "onClick": undefined,
          "text": "hey",
        },
        "ref": null,
        "rendered": null,
        "type": [Function],
      },
      Object {
        "instance": null,
        "key": "3df29b26-8f55-4722-abbd-428a3b3d3306",
        "nodeType": "function",
        "props": Object {
          "completed": true,
          "id": "3df29b26-8f55-4722-abbd-428a3b3d3306",
          "onClick": undefined,
          "text": "ho",
        },
        "ref": null,
        "rendered": null,
        "type": [Function],
      },
      Object {
        "instance": null,
        "key": "afe441fd-b058-4eef-be6c-867f9956eba3",
        "nodeType": "function",
        "props": Object {
          "completed": false,
          "id": "afe441fd-b058-4eef-be6c-867f9956eba3",
          "onClick": undefined,
          "text": "let us go",
        },
        "ref": null,
        "rendered": null,
        "type": [Function],
      },
    ],
    "type": "ul",
  },
  Symbol(enzyme.__nodes__): Array [
    Object {
      "instance": null,
      "key": undefined,
      "nodeType": "host",
      "props": Object {
        "children": Array [
          <Todo
            completed={true}
            id="24236ed7-e956-4cad-90e9-65469c554fc0"
            text="hey"
          />,
          <Todo
            completed={true}
            id="3df29b26-8f55-4722-abbd-428a3b3d3306"
            text="ho"
          />,
          <Todo
            completed={false}
            id="afe441fd-b058-4eef-be6c-867f9956eba3"
            text="let us go"
          />,
        ],
      },
      "ref": null,
      "rendered": Array [
        Object {
          "instance": null,
          "key": "24236ed7-e956-4cad-90e9-65469c554fc0",
          "nodeType": "function",
          "props": Object {
            "completed": true,
            "id": "24236ed7-e956-4cad-90e9-65469c554fc0",
            "onClick": undefined,
            "text": "hey",
          },
          "ref": null,
          "rendered": null,
          "type": [Function],
        },
        Object {
          "instance": null,
          "key": "3df29b26-8f55-4722-abbd-428a3b3d3306",
          "nodeType": "function",
          "props": Object {
            "completed": true,
            "id": "3df29b26-8f55-4722-abbd-428a3b3d3306",
            "onClick": undefined,
            "text": "ho",
          },
          "ref": null,
          "rendered": null,
          "type": [Function],
        },
        Object {
          "instance": null,
          "key": "afe441fd-b058-4eef-be6c-867f9956eba3",
          "nodeType": "function",
          "props": Object {
            "completed": false,
            "id": "afe441fd-b058-4eef-be6c-867f9956eba3",
            "onClick": undefined,
            "text": "let us go",
          },
          "ref": null,
          "rendered": null,
          "type": [Function],
        },
      ],
      "type": "ul",
    },
  ],
  Symbol(enzyme.__options__): Object {
    "adapter": ReactSixteenAdapter {
      "options": Object {
        "enableComponentDidUpdateOnSetState": true,
        "lifecycles": Object {
          "componentDidUpdate": Object {
            "onSetState": true,
          },
          "getDerivedStateFromProps": true,
          "getSnapshotBeforeUpdate": true,
          "setState": Object {
            "skipsComponentDidUpdateOnNullish": true,
          },
        },
      },
    },
    "attachTo": undefined,
    "hydrateIn": undefined,
  },
}
`;
