// Jest Snapshot v1, https://goo.gl/fbAQLP

exports[`Loading renders properly 1`] = `
<div
  className="center"
>
  <i>
    Loading...
  </i>
</div>
`;
