// Jest Snapshot v1, https://goo.gl/fbAQLP

exports[`Nav renders properly 1`] = `
<nav>
  [
  <Link
    replace={false}
    to="/"
  >
    Return
  </Link>
  ]
   
  [
  <a
    href="#bottom"
  >
    Bottom
  </a>
  ]
  <hr />
</nav>
`;
