// Jest Snapshot v1, https://goo.gl/fbAQLP

exports[`Err renders properly 1`] = `
<div
  id="not-found"
>
  <span
    className="center"
  >
    [
    <Link
      replace={false}
      to="/"
    >
      Back to Home
    </Link>
    ]
  </span>
</div>
`;
