// Jest Snapshot v1, https://goo.gl/fbAQLP

exports[`Page renders properly 1`] = `
<Fragment>
  <h1
    id="title"
  >
    Lean JavaScript Application Starter
  </h1>
  <Nav />
</Fragment>
`;
