// Jest Snapshot v1, https://goo.gl/fbAQLP

exports[`Counter renders properly 1`] = `
<Page>
  <div
    id="counter"
  >
    <p>
      Count: 
    </p>
    <div>
      <button>
        +
      </button>
      <button>
        -
      </button>
    </div>
  </div>
</Page>
`;
