// Jest Snapshot v1, https://goo.gl/fbAQLP

exports[`NoMatch renders properly 1`] = `
<div>
  <h1>
    Not Found!
  </h1>
  <Link
    replace={false}
    to="/"
  >
    Go back Home
  </Link>
</div>
`;
