// Jest Snapshot v1, https://goo.gl/fbAQLP

exports[`NewThreadForm renders properly 1`] = `
<span
  className="center"
>
  [
  <a
    href="#"
    onClick={[Function]}
  >
    Start a New Thread
  </a>
  ]
</span>
`;
