// Jest Snapshot v1, https://goo.gl/fbAQLP

exports[`Page renders properly 1`] = `
<div>
  <header
    id="page-head"
  >
    <h1
      className="center"
    >
      *chan
    </h1>
    <hr />
  </header>
  <main />
</div>
`;
