// Jest Snapshot v1, https://goo.gl/fbAQLP

exports[`ThreadList renders properly 1`] = `<Loading />`;
