// Jest Snapshot v1, https://goo.gl/fbAQLP

exports[`FilterLink renders properly 1`] = `
ShallowWrapper {
  Symbol(enzyme.__root__): [Circular],
  Symbol(enzyme.__unrendered__): <FilterLink
    todos={
      Array [
        Object {
          "completed": true,
          "id": "24236ed7-e956-4cad-90e9-65469c554fc0",
          "text": "hey",
        },
        Object {
          "completed": true,
          "id": "3df29b26-8f55-4722-abbd-428a3b3d3306",
          "text": "ho",
        },
        Object {
          "completed": false,
          "id": "afe441fd-b058-4eef-be6c-867f9956eba3",
          "text": "let us go",
        },
      ]
    }
  />,
  Symbol(enzyme.__renderer__): Object {
    "batchedUpdates": [Function],
    "getNode": [Function],
    "render": [Function],
    "simulateError": [Function],
    "simulateEvent": [Function],
    "unmount": [Function],
  },
  Symbol(enzyme.__node__): Object {
    "instance": null,
    "key": undefined,
    "nodeType": "function",
    "props": Object {
      "activeClassName": "active",
      "activeStyle": Object {
        "color": "black",
        "textDecoration": "none",
      },
      "aria-current": "page",
      "children": undefined,
      "exact": true,
      "to": "/undefined",
    },
    "ref": null,
    "rendered": null,
    "type": [Function],
  },
  Symbol(enzyme.__nodes__): Array [
    Object {
      "instance": null,
      "key": undefined,
      "nodeType": "function",
      "props": Object {
        "activeClassName": "active",
        "activeStyle": Object {
          "color": "black",
          "textDecoration": "none",
        },
        "aria-current": "page",
        "children": undefined,
        "exact": true,
        "to": "/undefined",
      },
      "ref": null,
      "rendered": null,
      "type": [Function],
    },
  ],
  Symbol(enzyme.__options__): Object {
    "adapter": ReactSixteenAdapter {
      "options": Object {
        "enableComponentDidUpdateOnSetState": true,
        "lifecycles": Object {
          "componentDidUpdate": Object {
            "onSetState": true,
          },
          "getDerivedStateFromProps": true,
          "getSnapshotBeforeUpdate": true,
          "setState": Object {
            "skipsComponentDidUpdateOnNullish": true,
          },
        },
      },
    },
    "attachTo": undefined,
    "hydrateIn": undefined,
  },
}
`;
